[Licensing::Module] Trying to connect to existing licensing client channel...
Built from '6000.3/staging' branch; Version is '6000.3.12f1 (fca03ac9b0d5) revision 16556090'; Using compiler version '194234433'; Build Type 'Release'
OS: 'Windows 11  (10.0.26200) Professional' Language: 'ja' Physical Memory: 32486 MB
BatchMode: 1, IsHumanControllingUs: 0, StartBugReporterOnCrash: 0, Is64bit: 1
[Licensing::IpcConnector] Successfully connected to: "LicenseClient-student" at "2026-09-15T01:46:10.8700394Z"
System  architecture: x64
Process architecture: x64
Date: 2026-09-15T01:46:10Z

COMMAND LINE ARGUMENTS:
C:\Program Files\Unity\Hub\Editor\6000.3.12f1\Editor\Unity.exe
-adb2
-batchMode
-noUpm
-name
AssetImportWorker7
-projectPath
D:/Unity/Zombie/Zombie1
-logFile
Logs/AssetImportWorker7.log
-srvPort
53181
-licensingIpc
LicenseClient-student
-job-worker-count
11
-background-job-worker-count
8
-gc-helper-count
1
-name
AssetImport
Successfully changed project path to: D:/Unity/Zombie/Zombie1
D:/Unity/Zombie/Zombie1
[UnityMemory] Configuration Parameters - Can be set up in boot.config
    "memorysetup-temp-allocator-size-nav-mesh-worker=65536"
    "memorysetup-temp-allocator-size-audio-worker=65536"
    "memorysetup-temp-allocator-size-gfx=262144"
    "memorysetup-allocator-temp-initial-block-size-main=262144"
    "memorysetup-allocator-temp-initial-block-size-worker=262144"
    "memorysetup-temp-allocator-size-background-worker=32768"
    "memorysetup-temp-allocator-size-job-worker=262144"
    "memorysetup-temp-allocator-size-preload-manager=33554432"
    "memorysetup-temp-allocator-size-gi-baking-worker=262144"
    "memorysetup-temp-allocator-size-gi-baking-worker=262144"
    "memorysetup-temp-allocator-size-gi-baking-worker=262144"
    "memorysetup-temp-allocator-size-gi-baking-worker=262144"
    "memorysetup-temp-allocator-size-gi-baking-worker=262144"
    "memorysetup-bucket-allocator-granularity=16"
    "memorysetup-bucket-allocator-bucket-count=8"
    "memorysetup-bucket-allocator-block-size=33554432"
    "memorysetup-bucket-allocator-block-count=8"
    "memorysetup-main-allocator-block-size=16777216"
    "memorysetup-thread-allocator-block-size=16777216"
    "memorysetup-gfx-main-allocator-block-size=16777216"
    "memorysetup-gfx-thread-allocator-block-size=16777216"
    "memorysetup-cache-allocator-block-size=4194304"
    "memorysetup-typetree-allocator-block-size=2097152"
    "memorysetup-profiler-bucket-allocator-granularity=16"
    "memorysetup-profiler-bucket-allocator-bucket-count=8"
    "memorysetup-profiler-bucket-allocator-block-size=33554432"
    "memorysetup-profiler-bucket-allocator-block-count=8"
    "memorysetup-profiler-allocator-block-size=16777216"
    "memorysetup-profiler-editor-allocator-block-size=1048576"
    "memorysetup-temp-allocator-size-main=16777216"
    "memorysetup-job-temp-allocator-block-size=2097152"
    "memorysetup-job-temp-allocator-block-size-background=1048576"
    "memorysetup-job-temp-allocator-reduction-small-platforms=262144"
    "memorysetup-temp-allocator-size-cloud-worker=32768"
Player connection [8708]  Target information:

Player connection [8708]  * "[IP] 10.219.32.101 [Port] 0 [Flags] 2 [Guid] 936314103 [EditorId] 936314103 [Version] 1048832 [Id] WindowsEditor(7,KIC-GAME-B-01) [Debug] 1 [PackageName] WindowsEditor [ProjectName] Editor" 

Player connection [8708] Host joined multi-casting on [225.0.0.222:54997]...
Player connection [8708] Host joined alternative multi-casting on [225.0.0.222:34997]...
JobSystem: Creating JobQueue using job-worker-count value 11
Input System module state changed to: Initialized.
[Physics::Module] Initialized fallback backend.
[Physics::Module] Id: 0xdecafbad
Library Redirect Path: Library/
[Physics::Module] Selected backend.
[Physics::Module] Name: PhysX
[Physics::Module] Id: 0xf2b8ea05
[Physics::Module] SDK Version: 4.1.2
[Physics::Module] Integration Version: 1.0.0
[Physics::Module] Threading Mode: Multi-Threaded
Refreshing native plugins compatible for Editor in 1.09 ms, found 3 plugins.
Preloading 0 native plugins for Editor in 0.00 ms.
Initialize engine version: 6000.3.12f1 (fca03ac9b0d5)
[Subsystems] Discovering subsystems at path C:/Program Files/Unity/Hub/Editor/6000.3.12f1/Editor/Data/Resources/UnitySubsystems
[Subsystems] Discovering subsystems at path D:/Unity/Zombie/Zombie1/Assets
GfxDevice: creating device client; kGfxThreadingModeNonThreaded
Direct3D:
    Version:  Direct3D 11.0 [level 11.1]
    Renderer: NVIDIA GeForce RTX 4060 Ti (ID=0x2803)
    Vendor:   NVIDIA
    VRAM:     7949 MB
    Driver:   32.0.16.1060
Initialize mono
Mono path[0] = 'C:/Program Files/Unity/Hub/Editor/6000.3.12f1/Editor/Data/Managed'
Mono path[1] = 'C:/Program Files/Unity/Hub/Editor/6000.3.12f1/Editor/Data/MonoBleedingEdge/lib/mono/unityjit-win32'
Mono config path = 'C:/Program Files/Unity/Hub/Editor/6000.3.12f1/Editor/Data/MonoBleedingEdge/etc'
Using monoOptions --debugger-agent=transport=dt_socket,embedding=1,server=y,suspend=n,address=127.0.0.1:56172
Begin MonoManager ReloadAssembly
Registering precompiled unity dll's ...
Register platform support module: C:/Program Files/Unity/Hub/Editor/6000.3.12f1/Editor/Data/PlaybackEngines/WindowsStandaloneSupport/UnityEditor.WindowsStandalone.Extensions.dll
Registered in 0.000958 seconds.
- Loaded All Assemblies, in  0.267 seconds
Native extension for WindowsStandalone target not found
Package Manager log level set to [2]
[Package Manager] Failed to launch server process. Reason: Unity was launched with the -noUpm command-line argument
[Package Manager] Unable to send message (not connected to server process).
[Package Manager] Cannot connect to Unity Package Manager local server
ScheduleIndexationOnStartup MainProcess:False IndexOnStartup:True
Mono: successfully reloaded assembly
- Finished resetting the current domain, in  0.263 seconds
Domain Reload Profiling: 528ms
	BeginReloadAssembly (84ms)
		ExecutionOrderSort (0ms)
		DisableScriptedObjects (0ms)
		BackupInstance (0ms)
		ReleaseScriptingObjects (0ms)
		CreateAndSetChildDomain (1ms)
	RebuildCommonClasses (26ms)
	RebuildNativeTypeToScriptingClass (9ms)
	initialDomainReloadingComplete (30ms)
	LoadAllAssembliesAndSetupDomain (117ms)
		LoadAssemblies (82ms)
		RebuildTransferFunctionScriptingTraits (0ms)
		AnalyzeDomain (115ms)
			TypeCache.Refresh (113ms)
				TypeCache.ScanAssembly (104ms)
			BuildScriptInfoCaches (0ms)
			ResolveRequiredComponents (0ms)
	FinalizeReload (263ms)
		ReleaseScriptCaches (0ms)
		RebuildScriptCaches (0ms)
		SetupLoadedEditorAssemblies (232ms)
			LogAssemblyErrors (0ms)
			InitializePlatformSupportModulesInManaged (30ms)
			SetLoadedEditorAssemblies (3ms)
			BeforeProcessingInitializeOnLoad (59ms)
			ProcessInitializeOnLoadAttributes (90ms)
			ProcessInitializeOnLoadMethodAttributes (50ms)
			AfterProcessingInitializeOnLoad (0ms)
			EditorAssembliesLoaded (0ms)
		ExecutionOrderSort2 (0ms)
		AwakeInstancesAfterBackupRestoration (0ms)
========================================================================
Worker process is ready to serve import requests
Import Worker Mode flag is 0x00
Begin MonoManager ReloadAssembly
[Licensing::Module] Licensing is not yet initialized.
[Licensing::Client] Error: HandshakeResponse reported an error:
	ResponseCode: 505
	ResponseStatus: Unsupported protocol version '1.18.1'.
[Licensing::Module] Error: Failed to handshake to channel: "LicenseClient-student"
[Licensing::IpcConnector] LicenseClient-student channel disconnected successfully.
[Licensing::IpcConnector] Successfully connected to: "LicenseClient-student-6000.3.12" at "2026-09-15T01:46:12.2721684Z"
[Licensing::Client] Handshaking with LicensingClient:
  Version:                 1.18.1+9fbee8e
  Session Id:              6e65bac0833541df97a39a07f3f37c91
  Correlation Id:          3c5c5d5f58dc2dfe39d724d5b65f9f51
  External correlation Id: 8881430595764370626
  Machine Id:              BxkKmU+zEgoMR5lg/hcjBDGvBeg=
[Licensing::Module] Successfully connected to LicensingClient on channel: "LicenseClient-student-6000.3.12" (connect: 0.00s, validation: 0.00s, handshake: 1.37s)
[Licensing::IpcConnector] Successfully connected to: "LicenseClient-student-6000.3.12-notifications" at "2026-09-15T01:46:13.6400452Z"
[Licensing::Module] Licensing Background thread has ended after 2.77s
[Licensing::Module] Licensing is initialized (took 1.63s).
[Licensing::Client] Successfully resolved entitlement details
[Licensing::Module] License group:
  Id: E4-X4M8-VCNJ-QEXC-2ZJK-XXXX
  Product: Unity Education
  Type: ULF
  Expiration: 2027-07-07T21:45:02Z
[Licensing::Module] License group:
  Id: 15669557604337-UnityPersXXXX
  Product: Unity Personal
  Type: Assigned
  Expiration: Unlimited
- Loaded All Assemblies, in  2.142 seconds
Refreshing native plugins compatible for Editor in 0.51 ms, found 3 plugins.
Native extension for WindowsStandalone target not found
[Package Manager] Failed to launch server process. Reason: Unity was launched with the -noUpm command-line argument
[Package Manager] Unable to send message (not connected to server process).
[Package Manager] Cannot connect to Unity Package Manager local server
[Package Manager] Failed to launch server process. Reason: Unity was launched with the -noUpm command-line argument
[Package Manager] Unable to send message (not connected to server process).
[Package Manager] Cannot connect to Unity Package Manager local server
ScheduleIndexationOnStartup MainProcess:False IndexOnStartup:True
Mono: successfully reloaded assembly
- Finished resetting the current domain, in  0.486 seconds
Domain Reload Profiling: 2625ms
	BeginReloadAssembly (1753ms)
		ExecutionOrderSort (0ms)
		DisableScriptedObjects (4ms)
		BackupInstance (0ms)
		ReleaseScriptingObjects (0ms)
		CreateAndSetChildDomain (18ms)
	RebuildCommonClasses (24ms)
	RebuildNativeTypeToScriptingClass (9ms)
	initialDomainReloadingComplete (26ms)
	LoadAllAssembliesAndSetupDomain (328ms)
		LoadAssemblies (233ms)
		RebuildTransferFunctionScriptingTraits (0ms)
		AnalyzeDomain (165ms)
			TypeCache.Refresh (117ms)
				TypeCache.ScanAssembly (107ms)
			BuildScriptInfoCaches (38ms)
			ResolveRequiredComponents (6ms)
	FinalizeReload (486ms)
		ReleaseScriptCaches (0ms)
		RebuildScriptCaches (0ms)
		SetupLoadedEditorAssemblies (351ms)
			LogAssemblyErrors (0ms)
			InitializePlatformSupportModulesInManaged (1ms)
			SetLoadedEditorAssemblies (3ms)
			BeforeProcessingInitializeOnLoad (83ms)
			ProcessInitializeOnLoadAttributes (218ms)
			ProcessInitializeOnLoadMethodAttributes (42ms)
			AfterProcessingInitializeOnLoad (3ms)
			EditorAssembliesLoaded (0ms)
		ExecutionOrderSort2 (0ms)
		AwakeInstancesAfterBackupRestoration (4ms)
Launched and connected shader compiler UnityShaderCompiler.exe after 0.01 seconds
Refreshing native plugins compatible for Editor in 0.40 ms, found 3 plugins.
Preloading 0 native plugins for Editor in 0.00 ms.
Unloading 16 Unused Serialized files (Serialized files now loaded: 0)
Unloading 6194 unused Assets / (4.1 MB). Loaded Objects now: 6994.
Memory consumption went from 149.6 MB to 145.5 MB.
Total: 5.115700 ms (FindLiveObjects: 0.408200 ms CreateObjectMapping: 0.225300 ms MarkObjects: 3.147600 ms  DeleteObjects: 1.334000 ms)

========================================================================
Received Import Request.
  Time since last request: 497245.462412 seconds.
  path: Assets/POLYGON weapons/Assets_official/FBXTexMat/POLYGON weapons pack/bullet_shells_fbxTexMat/5.7x28.mat
  artifactKey: Guid(a72b186a0e8a9a745ae5d3174fdb9505) Importer(815301076,1909f56bfc062723c751e8b465ee728b)
Start importing Assets/POLYGON weapons/Assets_official/FBXTexMat/POLYGON weapons pack/bullet_shells_fbxTexMat/5.7x28.mat using Guid(a72b186a0e8a9a745ae5d3174fdb9505) Importer(815301076,1909f56bfc062723c751e8b465ee728b) (PreviewImporter) -> (artifact id: 'ed89c882963e7c53367d6e7df8b34d90') in 0.3515818 seconds
Number of updated asset objects reloaded before import = 0Number of asset objects unloaded after import = 2

========================================================================
Received Import Request.
  Time since last request: 0.000023 seconds.
  path: Assets/POLYGON weapons/Assets_official/FBXTexMat/POLYGON weapons pack/bullet_shells_fbxTexMat/9mm_bullet.mat
  artifactKey: Guid(b50050d591248c748acccdd9de371df7) Importer(815301076,1909f56bfc062723c751e8b465ee728b)
Start importing Assets/POLYGON weapons/Assets_official/FBXTexMat/POLYGON weapons pack/bullet_shells_fbxTexMat/9mm_bullet.mat using Guid(b50050d591248c748acccdd9de371df7) Importer(815301076,1909f56bfc062723c751e8b465ee728b) (PreviewImporter) -> (artifact id: 'b9ee89be2e0244ef63efa9550737864b') in 0.0058027 seconds
Number of updated asset objects reloaded before import = 0Number of asset objects unloaded after import = 2

========================================================================
Received Import Request.
  Time since last request: 0.000037 seconds.
  path: Assets/POLYGON weapons/Assets_official/FBXTexMat/POLYGON weapons pack/bullet_shells_fbxTexMat/45acp.fbx
  artifactKey: Guid(6e74a0c8675ce894db1108e0fc162983) Importer(815301076,1909f56bfc062723c751e8b465ee728b)
Start importing Assets/POLYGON weapons/Assets_official/FBXTexMat/POLYGON weapons pack/bullet_shells_fbxTexMat/45acp.fbx using Guid(6e74a0c8675ce894db1108e0fc162983) Importer(815301076,1909f56bfc062723c751e8b465ee728b) (PreviewImporter) -> (artifact id: '28d971c7e33e5376e2ab92187293e67b') in 0.0436822 seconds
Number of updated asset objects reloaded before import = 0Number of asset objects unloaded after import = 9

========================================================================
Received Import Request.
  Time since last request: 27.439419 seconds.
  path: Assets/POLYGON weapons/Assets_official/FBXTexMat/POLYGON weapons pack/knife/knife.mat
  artifactKey: Guid(9554d05f6ae179a42b7484191ad53c44) Importer(2089858483,b0f066a214c2f5e87bad3c948f4d605d)
Start importing Assets/POLYGON weapons/Assets_official/FBXTexMat/POLYGON weapons pack/knife/knife.mat using Guid(9554d05f6ae179a42b7484191ad53c44) Importer(2089858483,b0f066a214c2f5e87bad3c948f4d605d) (ScriptedImporter) -> (artifact id: '76d0faa0259cbc9b9b75c6af26910289') in 0.0624746 seconds
Number of updated asset objects reloaded before import = 0Number of asset objects unloaded after import = 2

========================================================================
Received Import Request.
  Time since last request: 0.000045 seconds.
  path: Assets/POLYGON weapons/Assets_official/FBXTexMat/POLYGON weapons pack/pumpgun_a/pumpgun_a.fbx
  artifactKey: Guid(f8d7f4f03bd7b434b8f47b4d829deb7d) Importer(2089858483,b0f066a214c2f5e87bad3c948f4d605d)
Start importing Assets/POLYGON weapons/Assets_official/FBXTexMat/POLYGON weapons pack/pumpgun_a/pumpgun_a.fbx using Guid(f8d7f4f03bd7b434b8f47b4d829deb7d) Importer(2089858483,b0f066a214c2f5e87bad3c948f4d605d) (ScriptedImporter) -> (artifact id: 'dfb7579c313598ee561486c87ebf15d8') in 0.0513687 seconds
Number of updated asset objects reloaded before import = 0Number of asset objects unloaded after import = 28

========================================================================
Received Import Request.
  Time since last request: 0.000028 seconds.
  path: Assets/POLYGON weapons/Show_scene_unofficial/Lamp_prefab.prefab
  artifactKey: Guid(32dc65a3a7a44ff4b8b3c18ede5b36d5) Importer(2089858483,b0f066a214c2f5e87bad3c948f4d605d)
Start importing Assets/POLYGON weapons/Show_scene_unofficial/Lamp_prefab.prefab using Guid(32dc65a3a7a44ff4b8b3c18ede5b36d5) Importer(2089858483,b0f066a214c2f5e87bad3c948f4d605d) (ScriptedImporter) -> (artifact id: '66da9a66cf3c52ac9427e6dc8b695f49') in 0.010847 seconds
Number of updated asset objects reloaded before import = 0Number of asset objects unloaded after import = 24

========================================================================
Received Import Request.
  Time since last request: 0.000056 seconds.
  path: Assets/POLYGON weapons/Assets_official/FBXTexMat/POLYGON weapons pack/sce5/sce5.png
  artifactKey: Guid(83ac537e54e05954f91627d698602680) Importer(2089858483,b0f066a214c2f5e87bad3c948f4d605d)
Start importing Assets/POLYGON weapons/Assets_official/FBXTexMat/POLYGON weapons pack/sce5/sce5.png using Guid(83ac537e54e05954f91627d698602680) Importer(2089858483,b0f066a214c2f5e87bad3c948f4d605d) (ScriptedImporter) -> (artifact id: 'b2c6795072d47ccff108db91e55a65af') in 0.0323853 seconds
Number of updated asset objects reloaded before import = 0Number of asset objects unloaded after import = 1

========================================================================
Received Import Request.
  Time since last request: 0.000017 seconds.
  path: Assets/POLYGON weapons/Assets_official/FBXTexMat/POLYGON weapons pack/equipment_mats/lamp_a/lamp_a.fbx
  artifactKey: Guid(a52ff87faad475242ad0999236e0cd86) Importer(2089858483,b0f066a214c2f5e87bad3c948f4d605d)
Start importing Assets/POLYGON weapons/Assets_official/FBXTexMat/POLYGON weapons pack/equipment_mats/lamp_a/lamp_a.fbx using Guid(a52ff87faad475242ad0999236e0cd86) Importer(2089858483,b0f066a214c2f5e87bad3c948f4d605d) (ScriptedImporter) -> (artifact id: '956c969ea06fce5d86921e654d217f7e') in 0.0213141 seconds
Number of updated asset objects reloaded before import = 0Number of asset objects unloaded after import = 8

========================================================================
Received Import Request.
  Time since last request: 0.000023 seconds.
  path: Assets/POLYGON weapons/Assets_official/FBXTexMat/POLYGON weapons pack/Lock
  artifactKey: Guid(310e2e1dfe6e31e49b5866da18408c10) Importer(2089858483,b0f066a214c2f5e87bad3c948f4d605d)
Start importing Assets/POLYGON weapons/Assets_official/FBXTexMat/POLYGON weapons pack/Lock using Guid(310e2e1dfe6e31e49b5866da18408c10) Importer(2089858483,b0f066a214c2f5e87bad3c948f4d605d) (ScriptedImporter) -> (artifact id: '9ed53bb108967a32081e52f9451b2e44') in 0.0066539 seconds
Number of updated asset objects reloaded before import = 0Number of asset objects unloaded after import = 1

========================================================================
Received Import Request.
  Time since last request: 0.000015 seconds.
  path: Assets/POLYGON weapons/Assets_official/FBXTexMat/POLYGON weapons pack/equipment_mats/red_dot_b/red_dot_b_emssion.png
  artifactKey: Guid(59fa5fc480e9ff44eb6ec14f952f7834) Importer(2089858483,b0f066a214c2f5e87bad3c948f4d605d)
Start importing Assets/POLYGON weapons/Assets_official/FBXTexMat/POLYGON weapons pack/equipment_mats/red_dot_b/red_dot_b_emssion.png using Guid(59fa5fc480e9ff44eb6ec14f952f7834) Importer(2089858483,b0f066a214c2f5e87bad3c948f4d605d) (ScriptedImporter) -> (artifact id: '1eced56528adec2dae34b93d1c338ba5') in 0.009629 seconds
Number of updated asset objects reloaded before import = 0Number of asset objects unloaded after import = 1

========================================================================
Received Import Request.
  Time since last request: 0.000015 seconds.
  path: Assets/POLYGON weapons/Assets_official/FBXTexMat/POLYGON weapons pack/Buzzsub/Buzzsub_light_emission.png
  artifactKey: Guid(f4674ccf2ec045947bc9a832e260ec26) Importer(2089858483,b0f066a214c2f5e87bad3c948f4d605d)
Start importing Assets/POLYGON weapons/Assets_official/FBXTexMat/POLYGON weapons pack/Buzzsub/Buzzsub_light_emission.png using Guid(f4674ccf2ec045947bc9a832e260ec26) Importer(2089858483,b0f066a214c2f5e87bad3c948f4d605d) (ScriptedImporter) -> (artifact id: 'fa952446bc65326e9f2759ee3f32f887') in 0.0095429 seconds
Number of updated asset objects reloaded before import = 0Number of asset objects unloaded after import = 1

========================================================================
Received Import Request.
  Time since last request: 0.000018 seconds.
  path: Assets/POLYGON weapons/Assets_official/FBXTexMat/POLYGON weapons pack/grenade_launcher/grenade_launcher_a.mat
  artifactKey: Guid(49ea386e17dd82c4dab4bf0ca1f9c40d) Importer(2089858483,b0f066a214c2f5e87bad3c948f4d605d)
Start importing Assets/POLYGON weapons/Assets_official/FBXTexMat/POLYGON weapons pack/grenade_launcher/grenade_launcher_a.mat using Guid(49ea386e17dd82c4dab4bf0ca1f9c40d) Importer(2089858483,b0f066a214c2f5e87bad3c948f4d605d) (ScriptedImporter) -> (artifact id: 'e41e7d8ab4fa2c5bc9802503cf75dcb4') in 0.0095462 seconds
Number of updated asset objects reloaded before import = 0Number of asset objects unloaded after import = 2

========================================================================
Received Import Request.
  Time since last request: 0.000033 seconds.
  path: Assets/POLYGON weapons/Assets_official/FBXTexMat/POLYGON weapons pack/revolver
  artifactKey: Guid(5273db55d9799964991b7bf4048ea283) Importer(2089858483,b0f066a214c2f5e87bad3c948f4d605d)
Start importing Assets/POLYGON weapons/Assets_official/FBXTexMat/POLYGON weapons pack/revolver using Guid(5273db55d9799964991b7bf4048ea283) Importer(2089858483,b0f066a214c2f5e87bad3c948f4d605d) (ScriptedImporter) -> (artifact id: 'c01317dc10924acda36ba45aafb0486f') in 0.0073428 seconds
Number of updated asset objects reloaded before import = 0Number of asset objects unloaded after import = 1

========================================================================
Received Import Request.
  Time since last request: 0.000015 seconds.
  path: Assets/POLYGON weapons/Assets_official/FBXTexMat
  artifactKey: Guid(a8069991d1c6e4445a12ef6cb985c725) Importer(2089858483,b0f066a214c2f5e87bad3c948f4d605d)
Start importing Assets/POLYGON weapons/Assets_official/FBXTexMat using Guid(a8069991d1c6e4445a12ef6cb985c725) Importer(2089858483,b0f066a214c2f5e87bad3c948f4d605d) (ScriptedImporter) -> (artifact id: '32ef8a3ac549e37a4bc1e38f1ed02467') in 0.0068379 seconds
Number of updated asset objects reloaded before import = 0Number of asset objects unloaded after import = 1

========================================================================
Received Import Request.
  Time since last request: 0.000019 seconds.
  path: Assets/POLYGON weapons/Show_scene_unofficial/Data/holder_main.mat
  artifactKey: Guid(d5f936f480aa2544c84436c31a804392) Importer(2089858483,b0f066a214c2f5e87bad3c948f4d605d)
Start importing Assets/POLYGON weapons/Show_scene_unofficial/Data/holder_main.mat using Guid(d5f936f480aa2544c84436c31a804392) Importer(2089858483,b0f066a214c2f5e87bad3c948f4d605d) (ScriptedImporter) -> (artifact id: '2ba3ea5e6451838f596f49d567a415ed') in 0.0113362 seconds
Number of updated asset objects reloaded before import = 0Number of asset objects unloaded after import = 2

========================================================================
Received Import Request.
  Time since last request: 0.000022 seconds.
  path: Assets/POLYGON weapons/Assets_official/FBXTexMat/POLYGON weapons pack/Hide_material.mat
  artifactKey: Guid(058de3e31bca92c49b09b39bdb7b973f) Importer(2089858483,b0f066a214c2f5e87bad3c948f4d605d)
Start importing Assets/POLYGON weapons/Assets_official/FBXTexMat/POLYGON weapons pack/Hide_material.mat using Guid(058de3e31bca92c49b09b39bdb7b973f) Importer(2089858483,b0f066a214c2f5e87bad3c948f4d605d) (ScriptedImporter) -> (artifact id: '36e64ec3a773b2b33790aaae6cf8bf96') in 0.0093011 seconds
Number of updated asset objects reloaded before import = 0Number of asset objects unloaded after import = 1

========================================================================
Received Import Request.
  Time since last request: 0.000019 seconds.
  path: Assets/POLYGON weapons/Assets_official/FBXTexMat/POLYGON weapons pack/equipment_mats/lamp_b
  artifactKey: Guid(d736c6e17c9b03f4aa87701d3423da27) Importer(2089858483,b0f066a214c2f5e87bad3c948f4d605d)
Start importing Assets/POLYGON weapons/Assets_official/FBXTexMat/POLYGON weapons pack/equipment_mats/lamp_b using Guid(d736c6e17c9b03f4aa87701d3423da27) Importer(2089858483,b0f066a214c2f5e87bad3c948f4d605d) (ScriptedImporter) -> (artifact id: 'e6603444b1f5a2b6875a129574530edf') in 0.008125 seconds
Number of updated asset objects reloaded before import = 0Number of asset objects unloaded after import = 1

========================================================================
Received Import Request.
  Time since last request: 0.000016 seconds.
  path: Assets/POLYGON weapons/Assets_official/FBXTexMat/POLYGON weapons pack/equipment_mats/suppressor_b/suppressor_b.mat
  artifactKey: Guid(088ec3f8245105f4ca20c6a558fb9acb) Importer(2089858483,b0f066a214c2f5e87bad3c948f4d605d)
Start importing Assets/POLYGON weapons/Assets_official/FBXTexMat/POLYGON weapons pack/equipment_mats/suppressor_b/suppressor_b.mat using Guid(088ec3f8245105f4ca20c6a558fb9acb) Importer(2089858483,b0f066a214c2f5e87bad3c948f4d605d) (ScriptedImporter) -> (artifact id: '5d07f0d17f8e536efc8215b9790e246b') in 0.0098281 seconds
Number of updated asset objects reloaded before import = 0Number of asset objects unloaded after import = 2

========================================================================
Received Import Request.
  Time since last request: 0.000030 seconds.
  path: Assets/POLYGON weapons/Assets_official/FBXTexMat/POLYGON weapons pack/equipment_mats/lamp_laser_a/lamp_laser_a.fbx
  artifactKey: Guid(e50939ef8fcad354788d6932d1f69692) Importer(2089858483,b0f066a214c2f5e87bad3c948f4d605d)
Start importing Assets/POLYGON weapons/Assets_official/FBXTexMat/POLYGON weapons pack/equipment_mats/lamp_laser_a/lamp_laser_a.fbx using Guid(e50939ef8fcad354788d6932d1f69692) Importer(2089858483,b0f066a214c2f5e87bad3c948f4d605d) (ScriptedImporter) -> (artifact id: '9a903bb5e8f3c6806ed8aa97cae62bea') in 0.0173185 seconds
Number of updated asset objects reloaded before import = 0Number of asset objects unloaded after import = 8

========================================================================
Received Import Request.
  Time since last request: 0.000029 seconds.
  path: Assets/POLYGON weapons/Assets_official/FBXTexMat/POLYGON weapons pack/equipment_mats/suppressor_a/suppressor_a.png
  artifactKey: Guid(b44c831f7859f8a49b997114e67fbdb9) Importer(2089858483,b0f066a214c2f5e87bad3c948f4d605d)
Start importing Assets/POLYGON weapons/Assets_official/FBXTexMat/POLYGON weapons pack/equipment_mats/suppressor_a/suppressor_a.png using Guid(b44c831f7859f8a49b997114e67fbdb9) Importer(2089858483,b0f066a214c2f5e87bad3c948f4d605d) (ScriptedImporter) -> (artifact id: 'ad95322a820f58941091b6ae8f96bbf5') in 0.0098311 seconds
Number of updated asset objects reloaded before import = 0Number of asset objects unloaded after import = 1

========================================================================
Received Import Request.
  Time since last request: 0.000017 seconds.
  path: Assets/POLYGON weapons/Assets_official/FBXTexMat/POLYGON weapons pack/equipment_mats/lamp_a
  artifactKey: Guid(9deb5ecf52329a7419f558a531634435) Importer(2089858483,b0f066a214c2f5e87bad3c948f4d605d)
Start importing Assets/POLYGON weapons/Assets_official/FBXTexMat/POLYGON weapons pack/equipment_mats/lamp_a using Guid(9deb5ecf52329a7419f558a531634435) Importer(2089858483,b0f066a214c2f5e87bad3c948f4d605d) (ScriptedImporter) -> (artifact id: 'c8fcb08b93b5fa48920a4d048d742f7e') in 0.0085959 seconds
Number of updated asset objects reloaded before import = 0Number of asset objects unloaded after import = 1

========================================================================
Received Import Request.
  Time since last request: 0.000017 seconds.
  path: Assets/POLYGON weapons/Assets_official/FBXTexMat/POLYGON weapons pack/pumpgun_a/pumpgun_a.mat
  artifactKey: Guid(76ad637768e2e644daa1bcaa373efa6c) Importer(2089858483,b0f066a214c2f5e87bad3c948f4d605d)
Start importing Assets/POLYGON weapons/Assets_official/FBXTexMat/POLYGON weapons pack/pumpgun_a/pumpgun_a.mat using Guid(76ad637768e2e644daa1bcaa373efa6c) Importer(2089858483,b0f066a214c2f5e87bad3c948f4d605d) (ScriptedImporter) -> (artifact id: 'd7d5eb2456b3bea0058cd5021ab3c531') in 0.0096211 seconds
Number of updated asset objects reloaded before import = 0Number of asset objects unloaded after import = 2

========================================================================
Received Import Request.
  Time since last request: 0.000019 seconds.
  path: Assets/POLYGON weapons/Assets_official/FBXTexMat/POLYGON weapons pack/equipment_mats/suppressor_c
  artifactKey: Guid(83734b8133985dd4488c20754b8e06b4) Importer(2089858483,b0f066a214c2f5e87bad3c948f4d605d)
Start importing Assets/POLYGON weapons/Assets_official/FBXTexMat/POLYGON weapons pack/equipment_mats/suppressor_c using Guid(83734b8133985dd4488c20754b8e06b4) Importer(2089858483,b0f066a214c2f5e87bad3c948f4d605d) (ScriptedImporter) -> (artifact id: '769b485c19de9b3c86204fe7d89f037d') in 0.0084106 seconds
Number of updated asset objects reloaded before import = 0Number of asset objects unloaded after import = 1

========================================================================
Received Import Request.
  Time since last request: 0.000018 seconds.
  path: Assets/POLYGON weapons/Assets_official/FBXTexMat/POLYGON weapons pack/ClusterShotgun/ClusterShotgun.fbx
  artifactKey: Guid(2bd64e74c1acf56409b0bc60cc931757) Importer(2089858483,b0f066a214c2f5e87bad3c948f4d605d)
Start importing Assets/POLYGON weapons/Assets_official/FBXTexMat/POLYGON weapons pack/ClusterShotgun/ClusterShotgun.fbx using Guid(2bd64e74c1acf56409b0bc60cc931757) Importer(2089858483,b0f066a214c2f5e87bad3c948f4d605d) (ScriptedImporter) -> (artifact id: '0a18de9a76b15fd5ccc45a453b9870ce') in 0.0160369 seconds
Number of updated asset objects reloaded before import = 0Number of asset objects unloaded after import = 27

========================================================================
Received Import Request.
  Time since last request: 0.000016 seconds.
  path: Assets/POLYGON weapons/Assets_official/FBXTexMat/POLYGON weapons pack/revolver/Materials
  artifactKey: Guid(44dc8ae4184e41545b8fa77cab38fea7) Importer(2089858483,b0f066a214c2f5e87bad3c948f4d605d)
Start importing Assets/POLYGON weapons/Assets_official/FBXTexMat/POLYGON weapons pack/revolver/Materials using Guid(44dc8ae4184e41545b8fa77cab38fea7) Importer(2089858483,b0f066a214c2f5e87bad3c948f4d605d) (ScriptedImporter) -> (artifact id: '4aba77aba8ee7c26c1035ebf15bc9952') in 0.0064388 seconds
Number of updated asset objects reloaded before import = 0Number of asset objects unloaded after import = 1

========================================================================
Received Import Request.
  Time since last request: 0.000016 seconds.
  path: Assets/POLYGON weapons/Show_scene_unofficial/Data/glow_lamp.mat
  artifactKey: Guid(ebeb9dfa67a8f7a468b443fb448a2344) Importer(2089858483,b0f066a214c2f5e87bad3c948f4d605d)
Start importing Assets/POLYGON weapons/Show_scene_unofficial/Data/glow_lamp.mat using Guid(ebeb9dfa67a8f7a468b443fb448a2344) Importer(2089858483,b0f066a214c2f5e87bad3c948f4d605d) (ScriptedImporter) -> (artifact id: '6c8f37a3c0e6d14cd1220ce0e447a586') in 0.00956 seconds
Number of updated asset objects reloaded before import = 0Number of asset objects unloaded after import = 1

========================================================================
Received Import Request.
  Time since last request: 0.000020 seconds.
  path: Assets/POLYGON weapons/Assets_official/FBXTexMat/POLYGON weapons pack/Shotgun3/Shotgun3.fbx
  artifactKey: Guid(31720e6c7a1e7fd4f8bfc8a26dc0236e) Importer(2089858483,b0f066a214c2f5e87bad3c948f4d605d)
Start importing Assets/POLYGON weapons/Assets_official/FBXTexMat/POLYGON weapons pack/Shotgun3/Shotgun3.fbx using Guid(31720e6c7a1e7fd4f8bfc8a26dc0236e) Importer(2089858483,b0f066a214c2f5e87bad3c948f4d605d) (ScriptedImporter) -> (artifact id: 'feaec5447aa53a2b93bf9d9d56b0be3e') in 0.0138742 seconds
Number of updated asset objects reloaded before import = 0Number of asset objects unloaded after import = 25

========================================================================
Received Import Request.
  Time since last request: 0.000021 seconds.
  path: Assets/POLYGON weapons/Assets_official/FBXTexMat/POLYGON weapons pack/bullet_shells_fbxTexMat/5.7x28.mat
  artifactKey: Guid(a72b186a0e8a9a745ae5d3174fdb9505) Importer(2089858483,b0f066a214c2f5e87bad3c948f4d605d)
Start importing Assets/POLYGON weapons/Assets_official/FBXTexMat/POLYGON weapons pack/bullet_shells_fbxTexMat/5.7x28.mat using Guid(a72b186a0e8a9a745ae5d3174fdb9505) Importer(2089858483,b0f066a214c2f5e87bad3c948f4d605d) (ScriptedImporter) -> (artifact id: 'cb494fb94f09e6fbe3f3afbef4f819f0') in 0.0080329 seconds
Number of updated asset objects reloaded before import = 0Number of asset objects unloaded after import = 2

========================================================================
Received Import Request.
  Time since last request: 0.000016 seconds.
  path: Assets/POLYGON weapons/Assets_official/FBXTexMat/POLYGON weapons pack/HunterRifle/HunterRifle.fbx
  artifactKey: Guid(a214a4c9ee2069b419a59149a753e812) Importer(2089858483,b0f066a214c2f5e87bad3c948f4d605d)
Start importing Assets/POLYGON weapons/Assets_official/FBXTexMat/POLYGON weapons pack/HunterRifle/HunterRifle.fbx using Guid(a214a4c9ee2069b419a59149a753e812) Importer(2089858483,b0f066a214c2f5e87bad3c948f4d605d) (ScriptedImporter) -> (artifact id: '3d39624e6e5ae2de7dce0eb903fd0b40') in 0.0173143 seconds
Number of updated asset objects reloaded before import = 0Number of asset objects unloaded after import = 38

========================================================================
Received Import Request.
  Time since last request: 0.000019 seconds.
  path: Assets/POLYGON weapons/Assets_official/FBXTexMat/POLYGON weapons pack/equipment_mats/lamp_laser_b/lamp_laser_b_emission.png
  artifactKey: Guid(00a3fab9006f532439ee375137265cc7) Importer(2089858483,b0f066a214c2f5e87bad3c948f4d605d)
Start importing Assets/POLYGON weapons/Assets_official/FBXTexMat/POLYGON weapons pack/equipment_mats/lamp_laser_b/lamp_laser_b_emission.png using Guid(00a3fab9006f532439ee375137265cc7) Importer(2089858483,b0f066a214c2f5e87bad3c948f4d605d) (ScriptedImporter) -> (artifact id: '8001500cd085e8b07fe1cebaa2eec389') in 0.008631 seconds
Number of updated asset objects reloaded before import = 0Number of asset objects unloaded after import = 1

========================================================================
Received Import Request.
  Time since last request: 0.000036 seconds.
  path: Assets/POLYGON weapons/Assets_official/FBXTexMat/POLYGON weapons pack/fireaxe/fireaxe.fbx
  artifactKey: Guid(b59e58e009c8c604d87ff36c7df283f9) Importer(2089858483,b0f066a214c2f5e87bad3c948f4d605d)
Start importing Assets/POLYGON weapons/Assets_official/FBXTexMat/POLYGON weapons pack/fireaxe/fireaxe.fbx using Guid(b59e58e009c8c604d87ff36c7df283f9) Importer(2089858483,b0f066a214c2f5e87bad3c948f4d605d) (ScriptedImporter) -> (artifact id: 'ea7ccb0013e077ab02e206e3c23b1ba0') in 0.0140309 seconds
Number of updated asset objects reloaded before import = 0Number of asset objects unloaded after import = 9

========================================================================
Received Import Request.
  Time since last request: 0.000023 seconds.
  path: Assets/POLYGON weapons/Assets_official/FBXTexMat/POLYGON weapons pack/Lock/Lock_a.png
  artifactKey: Guid(2d9b56269d91c1f4297c05717189aac4) Importer(2089858483,b0f066a214c2f5e87bad3c948f4d605d)
Start importing Assets/POLYGON weapons/Assets_official/FBXTexMat/POLYGON weapons pack/Lock/Lock_a.png using Guid(2d9b56269d91c1f4297c05717189aac4) Importer(2089858483,b0f066a214c2f5e87bad3c948f4d605d) (ScriptedImporter) -> (artifact id: '90f1ead3d22de9744c11c7952fa84ea1') in 0.0110619 seconds
Number of updated asset objects reloaded before import = 0Number of asset objects unloaded after import = 1

========================================================================
Received Import Request.
  Time since last request: 0.000017 seconds.
  path: Assets/POLYGON weapons/Show_scene_unofficial/Data/red_wall.mat
  artifactKey: Guid(9026dba24d9a82d4fa533928cf6c0e8a) Importer(2089858483,b0f066a214c2f5e87bad3c948f4d605d)
Start importing Assets/POLYGON weapons/Show_scene_unofficial/Data/red_wall.mat using Guid(9026dba24d9a82d4fa533928cf6c0e8a) Importer(2089858483,b0f066a214c2f5e87bad3c948f4d605d) (ScriptedImporter) -> (artifact id: 'd00e469900609dede4af6d97309632f6') in 0.0092471 seconds
Number of updated asset objects reloaded before import = 0Number of asset objects unloaded after import = 2

========================================================================
Received Import Request.
  Time since last request: 0.000020 seconds.
  path: Assets/POLYGON weapons/Assets_official/FBXTexMat/POLYGON weapons pack/StreetSub/StreetSub_a.png
  artifactKey: Guid(8a474d8c2955d5c469f43caa1ce553c6) Importer(2089858483,b0f066a214c2f5e87bad3c948f4d605d)
Start importing Assets/POLYGON weapons/Assets_official/FBXTexMat/POLYGON weapons pack/StreetSub/StreetSub_a.png using Guid(8a474d8c2955d5c469f43caa1ce553c6) Importer(2089858483,b0f066a214c2f5e87bad3c948f4d605d) (ScriptedImporter) -> (artifact id: 'af20bcaa4732e418fa7b1dac799f3550') in 0.0107695 seconds
Number of updated asset objects reloaded before import = 0Number of asset objects unloaded after import = 1

========================================================================
Received Import Request.
  Time since last request: 0.000026 seconds.
  path: Assets/POLYGON weapons/Assets_official/Grenade_prefab.prefab
  artifactKey: Guid(547e55d4eef9a2147b6cd04668dd68d9) Importer(2089858483,b0f066a214c2f5e87bad3c948f4d605d)
Start importing Assets/POLYGON weapons/Assets_official/Grenade_prefab.prefab using Guid(547e55d4eef9a2147b6cd04668dd68d9) Importer(2089858483,b0f066a214c2f5e87bad3c948f4d605d) (ScriptedImporter) -> (artifact id: '508083ac47e29c357b8f66bcc577bd7d') in 0.0087338 seconds
Number of updated asset objects reloaded before import = 0Number of asset objects unloaded after import = 9

========================================================================
Received Import Request.
  Time since last request: 0.000016 seconds.
  path: Assets/POLYGON weapons/Assets_official/FBXTexMat/POLYGON weapons pack/revolver/revolver_cam.renderTexture
  artifactKey: Guid(04933b1545533c643a509adb58f1c720) Importer(2089858483,b0f066a214c2f5e87bad3c948f4d605d)
Start importing Assets/POLYGON weapons/Assets_official/FBXTexMat/POLYGON weapons pack/revolver/revolver_cam.renderTexture using Guid(04933b1545533c643a509adb58f1c720) Importer(2089858483,b0f066a214c2f5e87bad3c948f4d605d) (ScriptedImporter) -> (artifact id: '5d5e8c9516dc1ee44516bb6f179c5d4b') in 0.0130486 seconds
Number of updated asset objects reloaded before import = 0Number of asset objects unloaded after import = 1

========================================================================
Received Import Request.
  Time since last request: 0.000025 seconds.
  path: Assets/POLYGON weapons/Assets_official/FBXTexMat/POLYGON weapons pack/Grenade
  artifactKey: Guid(dcbe0c63075c2b644b9de555d9ce3c22) Importer(2089858483,b0f066a214c2f5e87bad3c948f4d605d)
Start importing Assets/POLYGON weapons/Assets_official/FBXTexMat/POLYGON weapons pack/Grenade using Guid(dcbe0c63075c2b644b9de555d9ce3c22) Importer(2089858483,b0f066a214c2f5e87bad3c948f4d605d) (ScriptedImporter) -> (artifact id: 'fe5a900237306524990d7189fc298b2a') in 0.0085675 seconds
Number of updated asset objects reloaded before import = 0Number of asset objects unloaded after import = 1

========================================================================
Received Import Request.
  Time since last request: 0.000017 seconds.
  path: Assets/POLYGON weapons/Show_scene_unofficial/Data/dummy_color.png
  artifactKey: Guid(39074b7c1440abe43acbd14cac00f8f2) Importer(2089858483,b0f066a214c2f5e87bad3c948f4d605d)
Start importing Assets/POLYGON weapons/Show_scene_unofficial/Data/dummy_color.png using Guid(39074b7c1440abe43acbd14cac00f8f2) Importer(2089858483,b0f066a214c2f5e87bad3c948f4d605d) (ScriptedImporter) -> (artifact id: '331365c22976efa37c8b116b993564d2') in 0.0109806 seconds
Number of updated asset objects reloaded before import = 0Number of asset objects unloaded after import = 1

========================================================================
Received Import Request.
  Time since last request: 0.000041 seconds.
  path: Assets/POLYGON weapons/Assets_official/FBXTexMat/POLYGON weapons pack/scorp6/scorp6.png
  artifactKey: Guid(7ad71108d74aa7e43add5ee7ce8eaf27) Importer(2089858483,b0f066a214c2f5e87bad3c948f4d605d)
Start importing Assets/POLYGON weapons/Assets_official/FBXTexMat/POLYGON weapons pack/scorp6/scorp6.png using Guid(7ad71108d74aa7e43add5ee7ce8eaf27) Importer(2089858483,b0f066a214c2f5e87bad3c948f4d605d) (ScriptedImporter) -> (artifact id: '7fcbf773653f2eeac4e679a1a8765a10') in 0.0102396 seconds
Number of updated asset objects reloaded before import = 0Number of asset objects unloaded after import = 1

========================================================================
Received Import Request.
  Time since last request: 0.000017 seconds.
  path: Assets/POLYGON weapons/Assets_official/FBXTexMat/POLYGON weapons pack/equipment_mats/Scope_a/scope_a.png
  artifactKey: Guid(393e82ec647606047bfbf7a9d0a7cfd3) Importer(2089858483,b0f066a214c2f5e87bad3c948f4d605d)
Start importing Assets/POLYGON weapons/Assets_official/FBXTexMat/POLYGON weapons pack/equipment_mats/Scope_a/scope_a.png using Guid(393e82ec647606047bfbf7a9d0a7cfd3) Importer(2089858483,b0f066a214c2f5e87bad3c948f4d605d) (ScriptedImporter) -> (artifact id: '18ecad322866ea5df413a18e72f33159') in 0.0105868 seconds
Number of updated asset objects reloaded before import = 0Number of asset objects unloaded after import = 1

========================================================================
Received Import Request.
  Time since last request: 0.000017 seconds.
  path: Assets/POLYGON weapons/Assets_official/FBXTexMat/POLYGON weapons pack/ClusterShotgun
  artifactKey: Guid(13df0ba467790ec488a0a081cbf3f9fa) Importer(2089858483,b0f066a214c2f5e87bad3c948f4d605d)
Start importing Assets/POLYGON weapons/Assets_official/FBXTexMat/POLYGON weapons pack/ClusterShotgun using Guid(13df0ba467790ec488a0a081cbf3f9fa) Importer(2089858483,b0f066a214c2f5e87bad3c948f4d605d) (ScriptedImporter) -> (artifact id: '1c63f03837bf07430b2015a19d441e67') in 0.0082336 seconds
Number of updated asset objects reloaded before import = 0Number of asset objects unloaded after import = 1

========================================================================
Received Import Request.
  Time since last request: 0.000016 seconds.
  path: Assets/POLYGON weapons/Assets_official/FBXTexMat/POLYGON weapons pack/pumpgun_a
  artifactKey: Guid(848149c98a806874a8642c0e53995485) Importer(2089858483,b0f066a214c2f5e87bad3c948f4d605d)
Start importing Assets/POLYGON weapons/Assets_official/FBXTexMat/POLYGON weapons pack/pumpgun_a using Guid(848149c98a806874a8642c0e53995485) Importer(2089858483,b0f066a214c2f5e87bad3c948f4d605d) (ScriptedImporter) -> (artifact id: 'ac9a1ff21efe31dc7a4d0020aeeb6220') in 0.0074932 seconds
Number of updated asset objects reloaded before import = 0Number of asset objects unloaded after import = 1

========================================================================
Received Import Request.
  Time since last request: 0.000020 seconds.
  path: Assets/POLYGON weapons/Assets_official/FBXTexMat/POLYGON weapons pack/Assault57/Assault57.mat
  artifactKey: Guid(3ee4331a283c7cd469097cdd947b9d33) Importer(2089858483,b0f066a214c2f5e87bad3c948f4d605d)
Start importing Assets/POLYGON weapons/Assets_official/FBXTexMat/POLYGON weapons pack/Assault57/Assault57.mat using Guid(3ee4331a283c7cd469097cdd947b9d33) Importer(2089858483,b0f066a214c2f5e87bad3c948f4d605d) (ScriptedImporter) -> (artifact id: 'c129b33260c4aebbb9250d61ac2dc1ea') in 0.0100887 seconds
Number of updated asset objects reloaded before import = 0Number of asset objects unloaded after import = 2

========================================================================
Received Import Request.
  Time since last request: 0.000015 seconds.
  path: Assets/POLYGON weapons/Assets_official/FBXTexMat/POLYGON weapons pack/Assault57/Assault57.fbx
  artifactKey: Guid(963dece3cc213944f8be2538e4daaef9) Importer(2089858483,b0f066a214c2f5e87bad3c948f4d605d)
Start importing Assets/POLYGON weapons/Assets_official/FBXTexMat/POLYGON weapons pack/Assault57/Assault57.fbx using Guid(963dece3cc213944f8be2538e4daaef9) Importer(2089858483,b0f066a214c2f5e87bad3c948f4d605d) (ScriptedImporter) -> (artifact id: '91cb45e20f183638f94bcc42e60fbafd') in 0.0134054 seconds
Number of updated asset objects reloaded before import = 0Number of asset objects unloaded after import = 34

========================================================================
Received Import Request.
  Time since last request: 0.000016 seconds.
  path: Assets/POLYGON weapons/Assets_official/FBXTexMat/POLYGON weapons pack/machinegun/machinegun_b.png
  artifactKey: Guid(029d7dd9110da714d9f26edc64e9b8f9) Importer(2089858483,b0f066a214c2f5e87bad3c948f4d605d)
Start importing Assets/POLYGON weapons/Assets_official/FBXTexMat/POLYGON weapons pack/machinegun/machinegun_b.png using Guid(029d7dd9110da714d9f26edc64e9b8f9) Importer(2089858483,b0f066a214c2f5e87bad3c948f4d605d) (ScriptedImporter) -> (artifact id: '1ddbf88608b3d0709a1e763570b13468') in 0.0090375 seconds
Number of updated asset objects reloaded before import = 0Number of asset objects unloaded after import = 1

========================================================================
Received Import Request.
  Time since last request: 0.000016 seconds.
  path: Assets/POLYGON weapons/Assets_official/FBXTexMat/POLYGON weapons pack/old_pistol/old_pistol_a.mat
  artifactKey: Guid(e34670d113d454e49acf3e1bb872a9c2) Importer(2089858483,b0f066a214c2f5e87bad3c948f4d605d)
Start importing Assets/POLYGON weapons/Assets_official/FBXTexMat/POLYGON weapons pack/old_pistol/old_pistol_a.mat using Guid(e34670d113d454e49acf3e1bb872a9c2) Importer(2089858483,b0f066a214c2f5e87bad3c948f4d605d) (ScriptedImporter) -> (artifact id: '640006bb8e5e414e2bbc10c436790b8c') in 0.0084266 seconds
Number of updated asset objects reloaded before import = 0Number of asset objects unloaded after import = 2

========================================================================
Received Import Request.
  Time since last request: 0.000018 seconds.
  path: Assets/POLYGON weapons/Assets_official/Lock_prefab.prefab
  artifactKey: Guid(b6ddb5cedd75ac741966c5f8e57b696f) Importer(2089858483,b0f066a214c2f5e87bad3c948f4d605d)
Start importing Assets/POLYGON weapons/Assets_official/Lock_prefab.prefab using Guid(b6ddb5cedd75ac741966c5f8e57b696f) Importer(2089858483,b0f066a214c2f5e87bad3c948f4d605d) (ScriptedImporter) -> (artifact id: '066638c3be34bd84536fff8d265aefde') in 0.0083792 seconds
Number of updated asset objects reloaded before import = 0Number of asset objects unloaded after import = 54

========================================================================
Received Import Request.
  Time since last request: 0.000016 seconds.
  path: Assets/POLYGON weapons/Assets_official/FBXTexMat/POLYGON weapons pack/equipment_mats/Scope_b/scope_b_prefab.mat
  artifactKey: Guid(09488bbfd12db4f4bbcedba80bf43f6e) Importer(2089858483,b0f066a214c2f5e87bad3c948f4d605d)
Start importing Assets/POLYGON weapons/Assets_official/FBXTexMat/POLYGON weapons pack/equipment_mats/Scope_b/scope_b_prefab.mat using Guid(09488bbfd12db4f4bbcedba80bf43f6e) Importer(2089858483,b0f066a214c2f5e87bad3c948f4d605d) (ScriptedImporter) -> (artifact id: '52a522f17da077eb2ac85ba34a131f7d') in 0.0088354 seconds
Number of updated asset objects reloaded before import = 0Number of asset objects unloaded after import = 2

========================================================================
Received Import Request.
  Time since last request: 0.000017 seconds.
  path: Assets/POLYGON weapons/Assets_official/FBXTexMat/POLYGON weapons pack/Buzzsub/Buzzsub_c.mat
  artifactKey: Guid(e9eec334e0d83f54e8eaa042a6252bfe) Importer(2089858483,b0f066a214c2f5e87bad3c948f4d605d)
Start importing Assets/POLYGON weapons/Assets_official/FBXTexMat/POLYGON weapons pack/Buzzsub/Buzzsub_c.mat using Guid(e9eec334e0d83f54e8eaa042a6252bfe) Importer(2089858483,b0f066a214c2f5e87bad3c948f4d605d) (ScriptedImporter) -> (artifact id: '0845230cc6b80792aab9eb71508672b6') in 0.0098925 seconds
Number of updated asset objects reloaded before import = 0Number of asset objects unloaded after import = 3

========================================================================
Received Import Request.
  Time since last request: 0.000017 seconds.
  path: Assets/POLYGON weapons/Assets_official/Equipment_assets/scope_c_prefab.prefab
  artifactKey: Guid(46215f485cc2c8943985f0fd31ba7a83) Importer(2089858483,b0f066a214c2f5e87bad3c948f4d605d)
Start importing Assets/POLYGON weapons/Assets_official/Equipment_assets/scope_c_prefab.prefab using Guid(46215f485cc2c8943985f0fd31ba7a83) Importer(2089858483,b0f066a214c2f5e87bad3c948f4d605d) (ScriptedImporter) -> (artifact id: '989a5cc857137fc14c7a47788caf5d6e') in 0.0076331 seconds
Number of updated asset objects reloaded before import = 0Number of asset objects unloaded after import = 29

========================================================================
Received Import Request.
  Time since last request: 0.000022 seconds.
  path: Assets/POLYGON weapons/Assets_official/FBXTexMat/POLYGON weapons pack/bullet_shells_fbxTexMat/7.62x39.mat
  artifactKey: Guid(8bd6c92bfac58694ba3e4f5b78fdc111) Importer(2089858483,b0f066a214c2f5e87bad3c948f4d605d)
Start importing Assets/POLYGON weapons/Assets_official/FBXTexMat/POLYGON weapons pack/bullet_shells_fbxTexMat/7.62x39.mat using Guid(8bd6c92bfac58694ba3e4f5b78fdc111) Importer(2089858483,b0f066a214c2f5e87bad3c948f4d605d) (ScriptedImporter) -> (artifact id: '4aa192c960fe7160645a2934c144ad51') in 0.0091537 seconds
Number of updated asset objects reloaded before import = 0Number of asset objects unloaded after import = 2

========================================================================
Received Import Request.
  Time since last request: 0.000018 seconds.
  path: Assets/POLYGON weapons/Assets_official/Equipment_assets/red_dot_d_prefab.prefab
  artifactKey: Guid(ddb93efe74bade049bccef0ed5f14890) Importer(2089858483,b0f066a214c2f5e87bad3c948f4d605d)
Start importing Assets/POLYGON weapons/Assets_official/Equipment_assets/red_dot_d_prefab.prefab using Guid(ddb93efe74bade049bccef0ed5f14890) Importer(2089858483,b0f066a214c2f5e87bad3c948f4d605d) (ScriptedImporter) -> (artifact id: 'ed6b5a2f74c43180360be936e55b15f1') in 0.0085819 seconds
Number of updated asset objects reloaded before import = 0Number of asset objects unloaded after import = 19

========================================================================
Received Import Request.
  Time since last request: 0.000015 seconds.
  path: Assets/POLYGON weapons/Assets_official/FBXTexMat/POLYGON weapons pack/knife/knife.png
  artifactKey: Guid(3a33509ba548505449594854e7938e68) Importer(2089858483,b0f066a214c2f5e87bad3c948f4d605d)
Start importing Assets/POLYGON weapons/Assets_official/FBXTexMat/POLYGON weapons pack/knife/knife.png using Guid(3a33509ba548505449594854e7938e68) Importer(2089858483,b0f066a214c2f5e87bad3c948f4d605d) (ScriptedImporter) -> (artifact id: 'a33b492b80c4befcbff2f5aea2ee2e99') in 0.0089939 seconds
Number of updated asset objects reloaded before import = 0Number of asset objects unloaded after import = 1

========================================================================
Received Import Request.
  Time since last request: 0.000017 seconds.
  path: Assets/POLYGON weapons/Assets_official/fireaxe_prefab.prefab
  artifactKey: Guid(6e79e76ce55e3a741bbdcd47aabe969c) Importer(2089858483,b0f066a214c2f5e87bad3c948f4d605d)
Start importing Assets/POLYGON weapons/Assets_official/fireaxe_prefab.prefab using Guid(6e79e76ce55e3a741bbdcd47aabe969c) Importer(2089858483,b0f066a214c2f5e87bad3c948f4d605d) (ScriptedImporter) -> (artifact id: '039f518b511e2d07526238b53ac44c92') in 0.0085565 seconds
Number of updated asset objects reloaded before import = 0Number of asset objects unloaded after import = 9

========================================================================
Received Import Request.
  Time since last request: 0.000014 seconds.
  path: Assets/POLYGON weapons/Assets_official/bullet_shells_assets/9mm_prefab.prefab
  artifactKey: Guid(ee95a4f186d76ab40bb754a51899c3a4) Importer(2089858483,b0f066a214c2f5e87bad3c948f4d605d)
Start importing Assets/POLYGON weapons/Assets_official/bullet_shells_assets/9mm_prefab.prefab using Guid(ee95a4f186d76ab40bb754a51899c3a4) Importer(2089858483,b0f066a214c2f5e87bad3c948f4d605d) (ScriptedImporter) -> (artifact id: 'b055cb4fa9d46b88d7a277b8d0bc8ab0') in 0.0079484 seconds
Number of updated asset objects reloaded before import = 0Number of asset objects unloaded after import = 9

========================================================================
Received Import Request.
  Time since last request: 0.000019 seconds.
  path: Assets/POLYGON weapons/Assets_official/Equipment_assets/Scope_a_prefab.prefab
  artifactKey: Guid(61d9cc96200e5524e9c372b2e2570d85) Importer(2089858483,b0f066a214c2f5e87bad3c948f4d605d)
Start importing Assets/POLYGON weapons/Assets_official/Equipment_assets/Scope_a_prefab.prefab using Guid(61d9cc96200e5524e9c372b2e2570d85) Importer(2089858483,b0f066a214c2f5e87bad3c948f4d605d) (ScriptedImporter) -> (artifact id: '33447082e2debc48bb7456462274a32d') in 0.0083451 seconds
Number of updated asset objects reloaded before import = 0Number of asset objects unloaded after import = 29

========================================================================
Received Import Request.
  Time since last request: 0.000021 seconds.
  path: Assets/POLYGON weapons/Assets_official/FBXTexMat/POLYGON weapons pack/Auge/Auge_d.mat
  artifactKey: Guid(16bdb14138d3fae41b16f256c483b50d) Importer(2089858483,b0f066a214c2f5e87bad3c948f4d605d)
Start importing Assets/POLYGON weapons/Assets_official/FBXTexMat/POLYGON weapons pack/Auge/Auge_d.mat using Guid(16bdb14138d3fae41b16f256c483b50d) Importer(2089858483,b0f066a214c2f5e87bad3c948f4d605d) (ScriptedImporter) -> (artifact id: 'c400e4408b4b1087bebf1472ed27b76b') in 0.0070183 seconds
Number of updated asset objects reloaded before import = 0Number of asset objects unloaded after import = 2

========================================================================
Received Import Request.
  Time since last request: 0.000020 seconds.
  path: Assets/POLYGON weapons/Assets_official/Equipment_assets/suppressor_c_prefab.prefab
  artifactKey: Guid(ee17032d57e5de849b25c4adb62dc1b2) Importer(2089858483,b0f066a214c2f5e87bad3c948f4d605d)
Start importing Assets/POLYGON weapons/Assets_official/Equipment_assets/suppressor_c_prefab.prefab using Guid(ee17032d57e5de849b25c4adb62dc1b2) Importer(2089858483,b0f066a214c2f5e87bad3c948f4d605d) (ScriptedImporter) -> (artifact id: 'a8e5728d69dcd2146c5c4e355586b4e1') in 0.0085293 seconds
Number of updated asset objects reloaded before import = 0Number of asset objects unloaded after import = 9

========================================================================
Received Import Request.
  Time since last request: 0.000023 seconds.
  path: Assets/POLYGON weapons/Assets_official/FBXTexMat/POLYGON weapons pack/Buzzsub/Buzzsub_b.mat
  artifactKey: Guid(f004023e87bfae74d8ae6398a6f7c133) Importer(2089858483,b0f066a214c2f5e87bad3c948f4d605d)
Start importing Assets/POLYGON weapons/Assets_official/FBXTexMat/POLYGON weapons pack/Buzzsub/Buzzsub_b.mat using Guid(f004023e87bfae74d8ae6398a6f7c133) Importer(2089858483,b0f066a214c2f5e87bad3c948f4d605d) (ScriptedImporter) -> (artifact id: '325e6a956645e59ab458f9a52896311d') in 0.0077458 seconds
Number of updated asset objects reloaded before import = 0Number of asset objects unloaded after import = 3

========================================================================
Received Import Request.
  Time since last request: 0.000021 seconds.
  path: Assets/POLYGON weapons/Assets_official/FBXTexMat/POLYGON weapons pack/Auge/Auge.fbx
  artifactKey: Guid(b4b4de34e07483541944d04d04236a5c) Importer(2089858483,b0f066a214c2f5e87bad3c948f4d605d)
Start importing Assets/POLYGON weapons/Assets_official/FBXTexMat/POLYGON weapons pack/Auge/Auge.fbx using Guid(b4b4de34e07483541944d04d04236a5c) Importer(2089858483,b0f066a214c2f5e87bad3c948f4d605d) (ScriptedImporter) -> (artifact id: 'a4d654f5d963936d3ce07b5938a90f32') in 0.0185207 seconds
Number of updated asset objects reloaded before import = 0Number of asset objects unloaded after import = 39

========================================================================
Received Import Request.
  Time since last request: 0.000017 seconds.
  path: Assets/POLYGON weapons/Assets_official/FBXTexMat/POLYGON weapons pack/bullet_shells_fbxTexMat/9mm_bullet.mat
  artifactKey: Guid(b50050d591248c748acccdd9de371df7) Importer(2089858483,b0f066a214c2f5e87bad3c948f4d605d)
Start importing Assets/POLYGON weapons/Assets_official/FBXTexMat/POLYGON weapons pack/bullet_shells_fbxTexMat/9mm_bullet.mat using Guid(b50050d591248c748acccdd9de371df7) Importer(2089858483,b0f066a214c2f5e87bad3c948f4d605d) (ScriptedImporter) -> (artifact id: 'a18eef4ec1785420ebb7945aa109c6ab') in 0.0100452 seconds
Number of updated asset objects reloaded before import = 0Number of asset objects unloaded after import = 2

========================================================================
Received Import Request.
  Time since last request: 0.000017 seconds.
  path: Assets/POLYGON weapons/Assets_official/FBXTexMat/POLYGON weapons pack/old_pistol/holder.png
  artifactKey: Guid(02be9788c7b7575459656e4d5efd1b22) Importer(2089858483,b0f066a214c2f5e87bad3c948f4d605d)
Start importing Assets/POLYGON weapons/Assets_official/FBXTexMat/POLYGON weapons pack/old_pistol/holder.png using Guid(02be9788c7b7575459656e4d5efd1b22) Importer(2089858483,b0f066a214c2f5e87bad3c948f4d605d) (ScriptedImporter) -> (artifact id: 'ca383f41d9f797654709bfbc8f17d805') in 0.0084136 seconds
Number of updated asset objects reloaded before import = 0Number of asset objects unloaded after import = 1

========================================================================
Received Import Request.
  Time since last request: 0.000015 seconds.
  path: Assets/POLYGON weapons/Assets_official/FBXTexMat/POLYGON weapons pack/Blast_set/Blast_set.png
  artifactKey: Guid(260918ca9dcd37546ab1a7af8f0abd8f) Importer(2089858483,b0f066a214c2f5e87bad3c948f4d605d)
Start importing Assets/POLYGON weapons/Assets_official/FBXTexMat/POLYGON weapons pack/Blast_set/Blast_set.png using Guid(260918ca9dcd37546ab1a7af8f0abd8f) Importer(2089858483,b0f066a214c2f5e87bad3c948f4d605d) (ScriptedImporter) -> (artifact id: 'c43d20202058280ceac5fd6d682ddcd3') in 0.0098558 seconds
Number of updated asset objects reloaded before import = 0Number of asset objects unloaded after import = 1

========================================================================
Received Import Request.
  Time since last request: 0.000017 seconds.
  path: Assets/POLYGON weapons/Assets_official/FBXTexMat/POLYGON weapons pack/machinegun/machinegun_a.png
  artifactKey: Guid(3304965300887674da981ee3b1ea7650) Importer(2089858483,b0f066a214c2f5e87bad3c948f4d605d)
Start importing Assets/POLYGON weapons/Assets_official/FBXTexMat/POLYGON weapons pack/machinegun/machinegun_a.png using Guid(3304965300887674da981ee3b1ea7650) Importer(2089858483,b0f066a214c2f5e87bad3c948f4d605d) (ScriptedImporter) -> (artifact id: 'a34eff4b5eb3e0a9ef25324c1bff2a69') in 0.0680419 seconds
Number of updated asset objects reloaded before import = 0Number of asset objects unloaded after import = 1

========================================================================
Received Import Request.
  Time since last request: 0.000018 seconds.
  path: Assets/POLYGON weapons/Assets_official/FBXTexMat/POLYGON weapons pack/grenade_launcher/grenade_launcher_b.png
  artifactKey: Guid(a30423bb93c7f1c419ae19499e1a491c) Importer(2089858483,b0f066a214c2f5e87bad3c948f4d605d)
Start importing Assets/POLYGON weapons/Assets_official/FBXTexMat/POLYGON weapons pack/grenade_launcher/grenade_launcher_b.png using Guid(a30423bb93c7f1c419ae19499e1a491c) Importer(2089858483,b0f066a214c2f5e87bad3c948f4d605d) (ScriptedImporter) -> (artifact id: 'b6d0ee117ef475a246527fe4a8fe5d6a') in 0.0111241 seconds
Number of updated asset objects reloaded before import = 0Number of asset objects unloaded after import = 1

========================================================================
Received Import Request.
  Time since last request: 0.000022 seconds.
  path: Assets/POLYGON weapons/Assets_official/bullet_shells_assets/magnum_prefab.prefab
  artifactKey: Guid(5df70ab01958d7f48957c3c19d5c1516) Importer(2089858483,b0f066a214c2f5e87bad3c948f4d605d)
Start importing Assets/POLYGON weapons/Assets_official/bullet_shells_assets/magnum_prefab.prefab using Guid(5df70ab01958d7f48957c3c19d5c1516) Importer(2089858483,b0f066a214c2f5e87bad3c948f4d605d) (ScriptedImporter) -> (artifact id: 'c55bc5aa3c68a2da52713b86ed4c3040') in 0.0092406 seconds
Number of updated asset objects reloaded before import = 0Number of asset objects unloaded after import = 9

========================================================================
Received Import Request.
  Time since last request: 0.000015 seconds.
  path: Assets/POLYGON weapons/Assets_official/FBXTexMat/POLYGON weapons pack/equipment_mats/red_dot_e/Materials/cam_2.mat
  artifactKey: Guid(a244333a252caa542889ece3fd429ab3) Importer(2089858483,b0f066a214c2f5e87bad3c948f4d605d)
Start importing Assets/POLYGON weapons/Assets_official/FBXTexMat/POLYGON weapons pack/equipment_mats/red_dot_e/Materials/cam_2.mat using Guid(a244333a252caa542889ece3fd429ab3) Importer(2089858483,b0f066a214c2f5e87bad3c948f4d605d) (ScriptedImporter) -> (artifact id: 'e2d778d84e1a7ec28f6e46daa3137795') in 0.0100985 seconds
Number of updated asset objects reloaded before import = 0Number of asset objects unloaded after import = 2

========================================================================
Received Import Request.
  Time since last request: 0.000015 seconds.
  path: Assets/POLYGON weapons/Assets_official/FBXTexMat/POLYGON weapons pack/bullet_shells_fbxTexMat/12gauge.mat
  artifactKey: Guid(513c2f9880623654bb6c13c5a355c5e5) Importer(2089858483,b0f066a214c2f5e87bad3c948f4d605d)
Start importing Assets/POLYGON weapons/Assets_official/FBXTexMat/POLYGON weapons pack/bullet_shells_fbxTexMat/12gauge.mat using Guid(513c2f9880623654bb6c13c5a355c5e5) Importer(2089858483,b0f066a214c2f5e87bad3c948f4d605d) (ScriptedImporter) -> (artifact id: '990c58f15f66e0cf1e55175aada0c477') in 0.0068964 seconds
Number of updated asset objects reloaded before import = 0Number of asset objects unloaded after import = 2

========================================================================
Received Import Request.
  Time since last request: 0.000017 seconds.
  path: Assets/POLYGON weapons/Assets_official/FBXTexMat/POLYGON weapons pack/Assault57/Assault57.png
  artifactKey: Guid(d332a4f1a7fdf4f408a61558e4b2da02) Importer(2089858483,b0f066a214c2f5e87bad3c948f4d605d)
Start importing Assets/POLYGON weapons/Assets_official/FBXTexMat/POLYGON weapons pack/Assault57/Assault57.png using Guid(d332a4f1a7fdf4f408a61558e4b2da02) Importer(2089858483,b0f066a214c2f5e87bad3c948f4d605d) (ScriptedImporter) -> (artifact id: 'ec9cae5af88e0951a6fc399de03d288f') in 0.0098664 seconds
Number of updated asset objects reloaded before import = 0Number of asset objects unloaded after import = 1

========================================================================
Received Import Request.
  Time since last request: 0.000020 seconds.
  path: Assets/POLYGON weapons/Assets_official/FBXTexMat/POLYGON weapons pack/revolver/revolver_glow.png
  artifactKey: Guid(a19c58e36bec93741a2f4186c7e2aaab) Importer(2089858483,b0f066a214c2f5e87bad3c948f4d605d)
Start importing Assets/POLYGON weapons/Assets_official/FBXTexMat/POLYGON weapons pack/revolver/revolver_glow.png using Guid(a19c58e36bec93741a2f4186c7e2aaab) Importer(2089858483,b0f066a214c2f5e87bad3c948f4d605d) (ScriptedImporter) -> (artifact id: 'f46e4d57f559fa7895be98891e8de203') in 0.0104043 seconds
Number of updated asset objects reloaded before import = 0Number of asset objects unloaded after import = 1

========================================================================
Received Import Request.
  Time since last request: 0.000014 seconds.
  path: Assets/POLYGON weapons/Assets_official/FBXTexMat/POLYGON weapons pack/equipment_mats/lamp_laser_b
  artifactKey: Guid(31c881d5b5bf6284192a721c6f572a32) Importer(2089858483,b0f066a214c2f5e87bad3c948f4d605d)
Start importing Assets/POLYGON weapons/Assets_official/FBXTexMat/POLYGON weapons pack/equipment_mats/lamp_laser_b using Guid(31c881d5b5bf6284192a721c6f572a32) Importer(2089858483,b0f066a214c2f5e87bad3c948f4d605d) (ScriptedImporter) -> (artifact id: 'd541a40123a576039b933d513b50d89b') in 0.0080046 seconds
Number of updated asset objects reloaded before import = 0Number of asset objects unloaded after import = 1

========================================================================
Received Import Request.
  Time since last request: 0.000016 seconds.
  path: Assets/POLYGON weapons/Assets_official/bullet_shells_assets/7,62x54_prefab.prefab
  artifactKey: Guid(072b09f469defef4a91d31f821873a7b) Importer(2089858483,b0f066a214c2f5e87bad3c948f4d605d)
Start importing Assets/POLYGON weapons/Assets_official/bullet_shells_assets/7,62x54_prefab.prefab using Guid(072b09f469defef4a91d31f821873a7b) Importer(2089858483,b0f066a214c2f5e87bad3c948f4d605d) (ScriptedImporter) -> (artifact id: '7e9eea85eac87158db28c07bcbda7a81') in 0.0084408 seconds
Number of updated asset objects reloaded before import = 0Number of asset objects unloaded after import = 9

========================================================================
Received Import Request.
  Time since last request: 0.000020 seconds.
  path: Assets/POLYGON weapons/Assets_official/FBXTexMat/POLYGON weapons pack/bullet_shells_fbxTexMat/7.62x39.png
  artifactKey: Guid(c48f684fe5e2e6a4fb32311989afe9c9) Importer(2089858483,b0f066a214c2f5e87bad3c948f4d605d)
Start importing Assets/POLYGON weapons/Assets_official/FBXTexMat/POLYGON weapons pack/bullet_shells_fbxTexMat/7.62x39.png using Guid(c48f684fe5e2e6a4fb32311989afe9c9) Importer(2089858483,b0f066a214c2f5e87bad3c948f4d605d) (ScriptedImporter) -> (artifact id: '295814fa487b7e72eb809a9926112837') in 0.0105419 seconds
Number of updated asset objects reloaded before import = 0Number of asset objects unloaded after import = 1

========================================================================
Received Import Request.
  Time since last request: 0.000023 seconds.
  path: Assets/POLYGON weapons/Assets_official/FBXTexMat/POLYGON weapons pack/RP9
  artifactKey: Guid(43a8033b504a89a4f97e1760fa505e8c) Importer(2089858483,b0f066a214c2f5e87bad3c948f4d605d)
Start importing Assets/POLYGON weapons/Assets_official/FBXTexMat/POLYGON weapons pack/RP9 using Guid(43a8033b504a89a4f97e1760fa505e8c) Importer(2089858483,b0f066a214c2f5e87bad3c948f4d605d) (ScriptedImporter) -> (artifact id: '63d76177121cb826e7be392557cbc3f3') in 0.0073024 seconds
Number of updated asset objects reloaded before import = 0Number of asset objects unloaded after import = 1

========================================================================
Received Import Request.
  Time since last request: 0.000015 seconds.
  path: Assets/POLYGON weapons/Assets_official/Submachine5_prefab.prefab
  artifactKey: Guid(786f74e78fc744741b6af641ba079d59) Importer(2089858483,b0f066a214c2f5e87bad3c948f4d605d)
Start importing Assets/POLYGON weapons/Assets_official/Submachine5_prefab.prefab using Guid(786f74e78fc744741b6af641ba079d59) Importer(2089858483,b0f066a214c2f5e87bad3c948f4d605d) (ScriptedImporter) -> (artifact id: '2a6d693f005ff6591072596dddcf94e1') in 0.0142295 seconds
Number of updated asset objects reloaded before import = 0Number of asset objects unloaded after import = 241

========================================================================
Received Import Request.
  Time since last request: 0.000016 seconds.
  path: Assets/POLYGON weapons/Assets_official/Equipment_assets/All_in_one_scopes.prefab
  artifactKey: Guid(5f79472d0cdb72c4b9d03e876f0cfd83) Importer(2089858483,b0f066a214c2f5e87bad3c948f4d605d)
Start importing Assets/POLYGON weapons/Assets_official/Equipment_assets/All_in_one_scopes.prefab using Guid(5f79472d0cdb72c4b9d03e876f0cfd83) Importer(2089858483,b0f066a214c2f5e87bad3c948f4d605d) (ScriptedImporter) -> (artifact id: '0eb3f735212cb787c6721f307c98c2ec') in 0.0127546 seconds
Number of updated asset objects reloaded before import = 0Number of asset objects unloaded after import = 200

========================================================================
Received Import Request.
  Time since last request: 0.000015 seconds.
  path: Assets/POLYGON weapons/Assets_official/FBXTexMat/POLYGON weapons pack/HunterRifle/HunterRifle_b.png
  artifactKey: Guid(5300ac159b6418b46944c32dc481c30a) Importer(2089858483,b0f066a214c2f5e87bad3c948f4d605d)
Start importing Assets/POLYGON weapons/Assets_official/FBXTexMat/POLYGON weapons pack/HunterRifle/HunterRifle_b.png using Guid(5300ac159b6418b46944c32dc481c30a) Importer(2089858483,b0f066a214c2f5e87bad3c948f4d605d) (ScriptedImporter) -> (artifact id: '071d2990d121078af54bc79dc0e52782') in 0.0104305 seconds
Number of updated asset objects reloaded before import = 0Number of asset objects unloaded after import = 1

========================================================================
Received Import Request.
  Time since last request: 0.000017 seconds.
  path: Assets/POLYGON weapons/Show_scene_unofficial/Data/metall.mat
  artifactKey: Guid(e1d27a2eb30f9584999fcdca7e061fd4) Importer(2089858483,b0f066a214c2f5e87bad3c948f4d605d)
Start importing Assets/POLYGON weapons/Show_scene_unofficial/Data/metall.mat using Guid(e1d27a2eb30f9584999fcdca7e061fd4) Importer(2089858483,b0f066a214c2f5e87bad3c948f4d605d) (ScriptedImporter) -> (artifact id: '7422d2ff9a137e97c896186eed0a2431') in 0.0095295 seconds
Number of updated asset objects reloaded before import = 0Number of asset objects unloaded after import = 1

========================================================================
Received Import Request.
  Time since last request: 0.000016 seconds.
  path: Assets/POLYGON weapons/Assets_official/FBXTexMat/POLYGON weapons pack/equipment_mats/Scope_a/Scope_a.fbx
  artifactKey: Guid(7c3e9f1f7a153c749a8f01ecb51477ab) Importer(2089858483,b0f066a214c2f5e87bad3c948f4d605d)
Start importing Assets/POLYGON weapons/Assets_official/FBXTexMat/POLYGON weapons pack/equipment_mats/Scope_a/Scope_a.fbx using Guid(7c3e9f1f7a153c749a8f01ecb51477ab) Importer(2089858483,b0f066a214c2f5e87bad3c948f4d605d) (ScriptedImporter) -> (artifact id: '7547145ce4d65a70dd09c266dc7b9a81') in 0.0183698 seconds
Number of updated asset objects reloaded before import = 0Number of asset objects unloaded after import = 26

Editor requested this worker to shutdown with reason: Scaling down because of idle timeout
AssetImportWorker is now disconnected from the server
Process exiting
Exiting without the bug reporter. Application will terminate with return code 0